
d.txt[m (â‡  [31mb.txt[m, [31mc.txt[m)
â”—â•¸[32md.txt.py[m
  â•°â•´[34mbasic_lib.py[m

index.html[m
â”—â•¸[32mindex.html.wu[m
  â•°â•´[34ma.txt[m
  â•°â•´[34mb.txt[m
  â”‚ â”¡â•¸[32mb.txt.py[m
  â”‚ â””â•´[31md.txt[m â‡¡
  â•°â•´[34mc.txt[m
  â”‚ â”¡â•¸[32mc.txt.py[m
  â”‚ â”‚ â”—â•¸[32mc.txt.py.py[m
  â”‚ â””â•´[31md.txt[m â‡¡
  â•°â•´[34mlinked-src.html[m
