
a.txt (dependents: index.html.wu module-import.txt.py):

d.txt (dependents: b.txt.py c.txt.py):
  d.txt.py:
    basic_lib.py

index.html:
  index.html.wu:
    a.txt*
    b.txt:
      b.txt.py:
        d.txt*
    c.txt:
      c.txt.py:
        c.txt.py.py
        d.txt*
    linked-src.html
    module-import.txt:
      module-import.txt.py:
        a.txt*
