
a-to-many-0.txt (dependents: b-through-0.txt c-many.txt.py):
  a-to-many-{i}.txt.py

a-to-many-1.txt (dependents: b-through-1.txt c-many.txt.py):
  a-to-many-{i}.txt.py

b-through-{i}.txt.py (dependents: b-through-0.txt b-through-1.txt):
 ~a-to-many-{i}.txt

c-many.txt:
  c-many.txt.py:
    a-to-many-0.txt*
    a-to-many-1.txt*
    b-through-0.txt:
      b-through-{i}.txt.py*
      a-to-many-0.txt*
    b-through-1.txt:
      b-through-{i}.txt.py*
      a-to-many-1.txt*
