
a-to-many-0.txt[m (â‡  [31mb-through-0.txt[m, [31mc-many.txt[m)
â”—â•¸[32ma-to-many-{i}.txt.py[m

a-to-many-1.txt[m (â‡  [31mb-through-1.txt[m, [31mc-many.txt[m)
â”—â•¸[32ma-to-many-{i}.txt.py[m

b-through-{i}.txt.py[m (â‡  [32mb-through-0.txt[m, [32mb-through-1.txt[m)

c-many.txt[m
â”¡â•¸[32mc-many.txt.py[m
â”œâ•´[31ma-to-many-0.txt[m â‡¡
â”œâ•´[31ma-to-many-1.txt[m â‡¡
â”œâ•´[31mb-through-0.txt[m
â”‚ â”¡â•¸[32mb-through-{i}.txt.py[m â‡¡
â”‚ â””â•´[31ma-to-many-0.txt[m â‡¡
â””â•´[31mb-through-1.txt[m
  â”¡â•¸[32mb-through-{i}.txt.py[m â‡¡
  â””â•´[31ma-to-many-1.txt[m â‡¡
